// Jest Snapshot v1, https://goo.gl/fbAQLP

exports[`testeo de GifGridItem  debe de mostrar el componente correctamente 1`] = `
<div
  className="card animate__animated animate__fadeIn"
>
  <img
    alt="titulo de prueba"
    src="https://algo,jpg"
  />
  <p>
    titulo de prueba
  </p>
</div>
`;
